Streaming transaction logs mentioning AYkipetpaY5p637YMQZZXB6668uvWF6RNQyvnixNb3W2. Confirmed commitment
Transaction executed in slot 4:
  Signature: 4tDZ4oAgv6WU6MRM9hbRti4cV9wSP4UHPkELHqexRLrR6iG24CbQ8wqgtXsRpYAEwCRQHiAZLSNekqQwq5VTqu1P
  Status: Ok
  Log Messages:
    Program AYkipetpaY5p637YMQZZXB6668uvWF6RNQyvnixNb3W2 invoke [1]
    Program log: Instruction: Init
    Program 11111111111111111111111111111111 invoke [2]
    Program 11111111111111111111111111111111 success
    Program AYkipetpaY5p637YMQZZXB6668uvWF6RNQyvnixNb3W2 consumed 5205 of 200000 compute units
    Program AYkipetpaY5p637YMQZZXB6668uvWF6RNQyvnixNb3W2 success
Transaction executed in slot 5:
  Signature: 41mvd2AvtC4yCsUMGqHsay9adKLsHnNoJQkioYgKRo1RTucExDyGY1LpUg2stPEKk1rvJFQL4xJBoETPZc1LKGKT
  Status: Ok
  Log Messages:
    Program AYkipetpaY5p637YMQZZXB6668uvWF6RNQyvnixNb3W2 invoke [1]
    Program log: Instruction: Double
    Program AYkipetpaY5p637YMQZZXB6668uvWF6RNQyvnixNb3W2 consumed 1254 of 200000 compute units
    Program AYkipetpaY5p637YMQZZXB6668uvWF6RNQyvnixNb3W2 success
Transaction executed in slot 6:
  Signature: 2MFTGmqyD3zkqehc4iLzYYUZmo5P5T3VETvPzwprDuUrU6ZPAq34XZ31uvLvce3WhbhNRwogJPkC2imecHR77JNK
  Status: Ok
  Log Messages:
    Program AYkipetpaY5p637YMQZZXB6668uvWF6RNQyvnixNb3W2 invoke [1]
    Program log: Instruction: Add
    Program AYkipetpaY5p637YMQZZXB6668uvWF6RNQyvnixNb3W2 consumed 1267 of 200000 compute units
    Program AYkipetpaY5p637YMQZZXB6668uvWF6RNQyvnixNb3W2 success
Transaction executed in slot 7:
  Signature: 2K5eLD7SxZYxTuyxjivaYA1ygMpK1oC3GRzibvPzTtpGxUoUVw1jQpDiSjtDhrbzdYt29aQnJXXC4GQ8p6rAXHvj
  Status: Ok
  Log Messages:
    Program AYkipetpaY5p637YMQZZXB6668uvWF6RNQyvnixNb3W2 invoke [1]
    Program log: Instruction: Half
    Program AYkipetpaY5p637YMQZZXB6668uvWF6RNQyvnixNb3W2 consumed 1258 of 200000 compute units
    Program AYkipetpaY5p637YMQZZXB6668uvWF6RNQyvnixNb3W2 success
